53 texte(s) JORF récupéré(s) depuis 2026-06-10
  François DECOSTER -> (non résolu, repli Sophie/Dorina) -> ['dorina.dama@ags-globalsolutions.com', 'sophie.lucas@mobilitas.org']
  Kévin THUILLIER -> Bosnia and Herzegovina -> ['erol.mahmutovic@ags-globalsolutions.com']
  [SAUTÉ] JORFTEXT000054423839 : extraction impossible (extrait insuffisant ou motif non reconnu)
          extrait brut : '…Decottignies (Olivier, Arnaud, Gaétan), <em>ambassadeur</em> <em>extraordinaire</em> et <em>plénipotentiaire</em> en Arménie ; 18 ans de services.'
  Jean-Baptiste JEANGENE VILMER -> Tanzania -> ['antoine.lesenne@ags-globalsolutions.com']
  Johan SCHITTERER -> (non résolu, repli Sophie/Dorina) -> ['dorina.dama@ags-globalsolutions.com', 'sophie.lucas@mobilitas.org']
  Dominique DELPUECH -> Liberia -> ['rudolph.prunier@ags-globalsolutions.com', 'robert.marshall@ags-globalsolutions.com']
  David BERTOLOTTI -> (non résolu, repli Sophie/Dorina) -> ['dorina.dama@ags-globalsolutions.com', 'sophie.lucas@mobilitas.org']
  Omar KEITA -> (non résolu, repli Sophie/Dorina) -> ['dorina.dama@ags-globalsolutions.com', 'sophie.lucas@mobilitas.org']
  Jean-Philippe GAVOIS -> (non résolu, repli Sophie/Dorina) -> ['dorina.dama@ags-globalsolutions.com', 'sophie.lucas@mobilitas.org']
  Patrick DUREL -> (non résolu, repli Sophie/Dorina) -> ['dorina.dama@ags-globalsolutions.com', 'sophie.lucas@mobilitas.org']
  Nicolas KASSIANIDES -> (non résolu, repli Sophie/Dorina) -> ['dorina.dama@ags-globalsolutions.com', 'sophie.lucas@mobilitas.org']
  Christophe LEMOINE -> (non résolu, repli Sophie/Dorina) -> ['dorina.dama@ags-globalsolutions.com', 'sophie.lucas@mobilitas.org']
  David MARTINON -> (non résolu, repli Sophie/Dorina) -> ['dorina.dama@ags-globalsolutions.com', 'sophie.lucas@mobilitas.org']
  François VANDEVILLE -> Thailand -> ['thomas.coupat@ags-globalsolutions.com']
  Alexandre ESCORCIA -> (non résolu, repli Sophie/Dorina) -> ['dorina.dama@ags-globalsolutions.com', 'sophie.lucas@mobilitas.org']
  Benoît DENISE -> (non résolu, repli Sophie/Dorina) -> ['dorina.dama@ags-globalsolutions.com', 'sophie.lucas@mobilitas.org']
  Pierre-Alexandre MIQUEL -> (non résolu, repli Sophie/Dorina) -> ['dorina.dama@ags-globalsolutions.com', 'sophie.lucas@mobilitas.org']
  Christophe PARISOT -> (non résolu, repli Sophie/Dorina) -> ['dorina.dama@ags-globalsolutions.com', 'sophie.lucas@mobilitas.org']
  Jean-Pierre ASVAZADOURIAN -> (non résolu, repli Sophie/Dorina) -> ['dorina.dama@ags-globalsolutions.com', 'sophie.lucas@mobilitas.org']
  Wadid BENAABOU -> Kenya -> ['thibault.malezieux@ags-globalsolutions.com']
  Alexis LOYER -> Mauritius -> ['panagiotis.poulot@ags-globalsolutions.com']
  Gautier LEKENS -> Haiti -> ['sophie.lucas@mobilitas.org', 'dorina.dama@ags-globalsolutions.com']
  Brieuc PONT -> Mozambique -> ['sophie.lucas@mobilitas.org', 'dorina.dama@ags-globalsolutions.com']
  Florian ESCUDIE -> (non résolu, repli Sophie/Dorina) -> ['dorina.dama@ags-globalsolutions.com', 'sophie.lucas@mobilitas.org']
  Alexandre GARCIA -> (non résolu, repli Sophie/Dorina) -> ['dorina.dama@ags-globalsolutions.com', 'sophie.lucas@mobilitas.org']
  Jean-Marc GROSGURIN -> Madagascar -> ['fabris.grujic@ags-globalsolutions.com']
  Jean-François HUCHET -> (non résolu, repli Sophie/Dorina) -> ['dorina.dama@ags-globalsolutions.com', 'sophie.lucas@mobilitas.org']
  Brice ROQUEFEUIL -> Ukraine -> ['zeeshan.wani@ags-globalsolutions.com']
  Jean-Noël POIRIER -> (non résolu, repli Sophie/Dorina) -> ['dorina.dama@ags-globalsolutions.com', 'sophie.lucas@mobilitas.org']
  Julien STEIMER -> (non résolu, repli Sophie/Dorina) -> ['dorina.dama@ags-globalsolutions.com', 'sophie.lucas@mobilitas.org']
  Didier LE BRET -> Vietnam -> ['kevin.hamilton@ags-globalsolutions.com']
  [SAUTÉ] JORFTEXT000054423837 : extraction impossible (extrait insuffisant ou motif non reconnu)
          extrait brut : "…Chevallier (Eric), <em>ambassadeur</em> <em>extraordinaire</em> et <em>plénipotentiaire</em> en Égypte. Officier du 5 juillet 2021. Ministère de la santé, des familles, de l'autonomie et des personnes handicapées Au grade…"
  [SAUTÉ] JORFTEXT000054423842 : extraction impossible (extrait insuffisant ou motif non reconnu)
          extrait brut : '…Cochard (Pierre, Humbert), <em>ambassadeur</em> <em>extraordinaire</em> et <em>plénipotentiaire</em> en Iran. Chevalier du 4 septembre 2016. M. Itté (Sylvain, Jean), <em>ambassadeur</em> <em>extraordinaire</em> et <em>plénipotentiaire</em> en Colombie. Chevalier du 2 mars…'
  [SAUTÉ] JORFTEXT000054542234 : extraction impossible (extrait insuffisant ou motif non reconnu)
          extrait brut : "…Philippe LATAPIE, secrétaire des affaires étrangères principal, est <em>nommé</em> <em>consul</em> <em>général</em> de France à Yaoundé. Le Premier ministre et le ministre de l'Europe et des affaires étrangères…"
  [SAUTÉ] JORFTEXT000054708949 : extraction impossible (extrait insuffisant ou motif non reconnu)
          extrait brut : '…Xavier FOURNIER, secrétaire <em>général</em> du groupe Républiques et Territoires, les indépendants au Sénat, est <em>nommé</em> <em>consul</em> <em>général</em> de France à Düsseldorf, en remplacement de M. Etienne SUR, appelé…'
  [SAUTÉ] JORFTEXT000054542229 : extraction impossible (extrait insuffisant ou motif non reconnu)
          extrait brut : "…Didier CHABERT, administrateur de l'Etat du deuxième grade, est <em>nommé</em> <em>consul</em> <em>général</em> de France à Alger, en remplacement de M. Bruno CLERC. Le Premier ministre et le…"
  [SAUTÉ] JORFTEXT000054542209 : extraction impossible (extrait insuffisant ou motif non reconnu)
          extrait brut : "…Aurélien MAILLET, secrétaire des affaires étrangères, est <em>nommé</em> <em>consul</em> <em>général</em> de France à Tunis, en remplacement de M. Dominique MAS, appelé à d'autres fonctions. Le Premier ministre…"
  [SAUTÉ] JORFTEXT000054542274 : extraction impossible (extrait insuffisant ou motif non reconnu)
          extrait brut : "…Christophe GIGAUDAUT, cadre contractuel de catégorie A, est <em>nommé</em> <em>Consul</em> <em>général</em> de France à Chengdu, en remplacement de M. Guillaume DELVALLEE, appelé à d'autres fonctions. Le Premier…"
  [SAUTÉ] JORFTEXT000054484482 : extraction impossible (extrait insuffisant ou motif non reconnu)
          extrait brut : "…Paul DE SINETY, agent contractuel à durée déterminée, est <em>nommé</em> <em>consul</em> <em>général</em> de France à Naples, en remplacement de Mme Lise MOUTOUMALAYA, appelée à d'autres fonctions. Le…"
  [SAUTÉ] JORFTEXT000054542194 : extraction impossible (extrait insuffisant ou motif non reconnu)
          extrait brut : "…Cédric PELTIER, secrétaire des affaires étrangères, est <em>nommé</em> <em>consul</em> <em>général</em> de France à Tel-Aviv, en remplacement de M. Matthieu CLOUVEL GERVAISEAU, appelé à d'autres fonctions. Le…"
  [SAUTÉ] JORFTEXT000054542269 : extraction impossible (extrait insuffisant ou motif non reconnu)
          extrait brut : "…Thierry PEYROUX, administrateur de l'Etat du deuxième grade, est <em>nommé</em> <em>consul</em> <em>général</em> de France à Miami, en remplacement de M. Raphaël TRAPP, appelé à d'autres fonctions…"
  [SAUTÉ] JORFTEXT000054673477 : extraction impossible (extrait insuffisant ou motif non reconnu)
          extrait brut : "…Emmanuel MIGNOT, administrateur de l'Etat du deuxième grade, est <em>nommé</em> <em>consul</em> <em>général</em> de France à Erbil, en remplacement de M. Yann BRAEM, appelé à d'autres fonctions…"
  [SAUTÉ] JORFTEXT000054487034 : extraction impossible (extrait insuffisant ou motif non reconnu)
          extrait brut : "…Fabien FIESCHI, administrateur de l'Etat du deuxième grade, est <em>nommé</em> <em>consul</em> <em>général</em> de France à Hong Kong, en remplacement de Mme Christile DRULHE, appelée à d'autres…"
  [SAUTÉ] JORFTEXT000054487039 : extraction impossible (extrait insuffisant ou motif non reconnu)
          extrait brut : "…Adrien CAVEY, secrétaire des affaires étrangères principal (cadre d'Orient), est <em>nommé</em> <em>consul</em> <em>général</em> de France à Toronto, en remplacement de M. Bertrand POUS, appelé à d'autres…"
  [SAUTÉ] JORFTEXT000054542199 : extraction impossible (extrait insuffisant ou motif non reconnu)
          extrait brut : "…Marc SERVIES, secrétaire des affaires étrangères hors classe, est <em>nommé</em> <em>consul</em> <em>général</em> de France à Annaba et Constantine, en remplacement de M. François PUGEAUT, appelé à d'autres…"
  [SAUTÉ] JORFTEXT000054542214 : extraction impossible (extrait insuffisant ou motif non reconnu)
          extrait brut : "…Romain OTAL, secrétaire des affaires étrangères principal (cadre d'Orient), est <em>nommé</em> <em>consul</em> <em>général</em> de France à Kyoto, en remplacement de Mme Sandrine MOUCHET, appelée à d'autres…"
  [SAUTÉ] JORFTEXT000054542244 : extraction impossible (extrait insuffisant ou motif non reconnu)
          extrait brut : "…Olivier CHATELAIS, administrateur de l'Etat du premier grade, est <em>nommé</em> <em>consul</em> <em>général</em> de France à Pointe Noire, en remplacement de Mme Véronique WAGNER, appelée à d'autres…"
  [SAUTÉ] JORFTEXT000054542254 : extraction impossible (extrait insuffisant ou motif non reconnu)
          extrait brut : "…Mustafa SOYKURT, conseiller des affaires étrangères hors classe (cadre d'Orient), est <em>nommé</em> <em>consul</em> <em>général</em> de France à Londres, en remplacement de M. Samer MELKI, appelé à d…"
  [SAUTÉ] JORFTEXT000054542264 : extraction impossible (extrait insuffisant ou motif non reconnu)
          extrait brut : "…Matthieu CLOUVEL GERVAISEAU, administrateur de l'Etat du deuxième grade, est <em>nommé</em> <em>Consul</em> <em>général</em> de France à Atlanta, en remplacement de Mme Anne-Laure DESJONQUERES, appelée à d…"
  [SAUTÉ] JORFTEXT000054609070 : extraction impossible (extrait insuffisant ou motif non reconnu)
          extrait brut : "…Sylvain BERGER, administrateur de l'Etat du deuxième grade, est <em>nommé</em> <em>consul</em> <em>général</em> de France à Saint-Pétersbourg, en remplacement de M. Jean-Christophe THIABAUD, appelé à d…"
  [SAUTÉ] JORFTEXT000054717955 : extraction impossible (extrait insuffisant ou motif non reconnu)
          extrait brut : "…Sylvain FOURRIERE, administrateur de l'Etat du deuxième grade, est <em>nommé</em> <em>consul</em> <em>général</em> de France au Caire, en remplacement de M. Olivier LE VAN XIEU, appelé à d…"
  [SAUTÉ] JORFTEXT000054542279 : extraction impossible (extrait insuffisant ou motif non reconnu)
          extrait brut : '…Alexis LE COUR GRANDMAISON, ministre plénipotentiaire, est <em>nommé</em> <em>consul</em> <em>général</em> de France à Jérusalem à compter du 1 er septembre 2026. Le Premier ministre et le ministre de…'

52 nouvelle(s) nomination(s), 30 notification(s) (dry-run, rien envoyé, mémoire non modifiée).
